[dialects-trip-443726.framer.app/index.html]
[backblue.gif]
[fade.gif]
[index.html]
[scripts.simpleanalyticscdn.com/latest.js]
[framerusercontent.com/images/de733Oh0NoGX37Ss0BPupiWaWOg.png]
[framerusercontent.com/modules/assets/cEsy1GfJcC5FNQtE1q3V5SiQ_wNfmndLRJxUcW8y_H2Gn2x_VjeXK_DDuSsMg0zv05Tc.otf]
[framerusercontent.com/sites/1jVm6SKTPYxdcaJiguXAwZ/chunk-PC5YLXGL.mjs]
[framerusercontent.com/sites/1jVm6SKTPYxdcaJiguXAwZ/chunk-ELYU6EKT.mjs]
[96.design/index.html]
[framerusercontent.com/sites/1jVm6SKTPYxdcaJiguXAwZ/chunk-K3E4RFKL.mjs]
[framerusercontent.com/sites/1jVm6SKTPYxdcaJiguXAwZ/apD_S6onkOuWB1PU7nh_seca2NlBaDMakaZyn_VCUhM.6DWOUWCS.mjs]
[framerusercontent.com/sites/1jVm6SKTPYxdcaJiguXAwZ/chunk-LUFSJPJH.mjs]
[framerusercontent.com/sites/1jVm6SKTPYxdcaJiguXAwZ/chunk-GR36Z6UO.mjs]
[framerusercontent.com/sites/1jVm6SKTPYxdcaJiguXAwZ/chunk-ADK56NJQ.mjs]
[framerusercontent.com/sites/1jVm6SKTPYxdcaJiguXAwZ/chunk-ATIRIPMZ.mjs]
[framerusercontent.com/sites/1jVm6SKTPYxdcaJiguXAwZ/chunk-WQHTK6SO.mjs]
[framerusercontent.com/sites/1jVm6SKTPYxdcaJiguXAwZ/chunk-42U43NKG.mjs]
[framerusercontent.com/images/43VWwI0Kg7DLhxgSyFnoZNFGW4.png]
[framerusercontent.com/images/4W5RyHNK01YCyvcxzvELzvJSbE.png]
[framerusercontent.com/images/844wvcGr2fRBmSS9E4HNSMZbo.png]
[dialects-trip-443726.framer.app/blog/pagaloop-x-index96.html]
[framerusercontent.com/images/QcwXrhFuSSGYSrFm9Nx6LIHi0a3fc.png]
[framerusercontent.com/images/KH2ui0hT7oDYsuWFUtIpYL64IQUa3fc.png]
[framerusercontent.com/images/F93vD8B7nhwrQ5D7wyqoVwBPOg.png]
[framerusercontent.com/images/37BRYAPpNLPEziKIlpyjKgvlCEs.png]
[dialects-trip-443726.framer.app/blog/cradle-x-index96.html]
[framerusercontent.com/images/xrrVygRh5t5A4jL0hMkJCqC1Hka3fc.png]
[framerusercontent.com/images/W14bbTPaZZEIbOnjQELmwvYo7w17f5.png]
[framerusercontent.com/images/H0QcdBA1Hn2oBgAPEuVwZdwpkY.png]
[framerusercontent.com/images/4hOKZrCvOwak9CpQoi4dHXCZx2sa3fc.png]
[dialects-trip-443726.framer.app/blog/beserva-x-index96.html]
[framerusercontent.com/images/DEOC4vZOTPgRoykdlKC53uLOnMIa3fc.png]
[framerusercontent.com/images/bh3J6R6QAGECl98npun0jyKLvU.jpg]
[framerusercontent.com/images/utPs7uma12nv3TXksXzLGXZrk.jpg]
[framerusercontent.com/images/SFuHRDBMVyOvsJGMkS0FRFuvI.png]
[framerusercontent.com/images/4h6WmjIu3d3Z5id6KBo6ZZeydfI.jpg]
[framerusercontent.com/images/gZv5pTajbABHsO7649kFsFKPWk.jpg]
[framerusercontent.com/images/VCzO9KOB4AMm7Nmju619IHt7s.jpg]
[dialects-trip-443726.framer.app/blog/cradlecasestudy.html]
[dialects-trip-443726.framer.app/blog/how-important-is-a-good-ux-for-your-defi-project.html]
[dialects-trip-443726.framer.app/blog/index96-buys-a-part-of-simplr.html]
[dialects-trip-443726.framer.app/index.html]
[fonts.gstatic.com/index.html]
[96.design/index.html]
[96.design/blog/pagaloop-x-index96.html]
[framerusercontent.com/sites/1jVm6SKTPYxdcaJiguXAwZ/BJho5C4HTsjQCuI68EOK0bpZgrqFZPgd3gFYeI04HNc.OHIHBKMQ.mjs]
[framerusercontent.com/sites/1jVm6SKTPYxdcaJiguXAwZ/chunk-K72JTZR4.mjs]
[framerusercontent.com/images/3pwdOJ93M4KrUu2DcupuLMEHk9w.png]
[framerusercontent.com/images/eGF2OaFMX7m0wZImj8ghskbWRka3fc.png]
[framerusercontent.com/images/1GK4kbhVwT6oKHP9nsZYWZ8ajzs.png]
[framerusercontent.com/images/ITXbTPZ6A1hRThEGMPMPkKnvWaE.png]
[dialects-trip-443726.framer.app/blog/pagaloop-x-index96.html]
[96.design/blog/cradle-x-index96.html]
[framerusercontent.com/images/QE8PKlDS82sfLFKvAgL4uJIHUUo.png]
[framerusercontent.com/images/RcfBmLAW9uAq8Yd6UOeO6oVM1v8a3fc.png]
[framerusercontent.com/images/8oyLYCQxKGu85RKyAjhODG8hQa3fc.png]
[dialects-trip-443726.framer.app/blog/cradle-x-index96.html]
[96.design/blog/beserva-x-index96.html]
[framerusercontent.com/images/lWII3UeP0UqdQYMCRI8R3c7U.png]
[framerusercontent.com/images/veJitJPdivxgouSBV9MpV9xsxk.png]
[framerusercontent.com/images/g711pEFLvguaUcMh0GviOz5S3yga3fc.png]
[framerusercontent.com/images/QvNxJbSBwzQjkoTUmID23U38Ia3fc.jpg]
[framerusercontent.com/images/H0RLedPMfJllfqmO8LizT71swa3fc.png]
[dialects-trip-443726.framer.app/blog/beserva-x-index96.html]
[96.design/blog/cradlecasestudy.html]
[framerusercontent.com/images/7CFSgVnPrSi8vclQf5Ev9iWLwmk17f5.png]
[framerusercontent.com/images/1WgAOaqCFuFee8n0Ypqy2De6NYa3fc.png]
[dialects-trip-443726.framer.app/blog/cradlecasestudy.html]
[96.design/blog/how-important-is-a-good-ux-for-your-defi-project.html]
[framerusercontent.com/images/JMBR8Rlhl60iNmEhngXHllb1Z0.jpg]
[dialects-trip-443726.framer.app/blog/how-important-is-a-good-ux-for-your-defi-project.html]
[96.design/blog/index96-buys-a-part-of-simplr.html]
[framerusercontent.com/images/qEipTxx5Q3KrO9K2OuDFQqGm2oa3fc.jpg]
[dialects-trip-443726.framer.app/blog/index96-buys-a-part-of-simplr.html]
[96.design/blog/pagaloop-x-index96.html]
[96.design/blog/cradle-x-index96.html]
[96.design/blog/beserva-x-index96.html]
[96.design/blog/cradlecasestudy.html]
[96.design/blog/how-important-is-a-good-ux-for-your-defi-project.html]
[96.design/blog/index96-buys-a-part-of-simplr.html]
[framerusercontent.com/modules/assets/cEsy1GfJcC5FNQtE1q3V5SiQ_wNfmndLRJxUcW8y_H2Gn2x_VjeXK_DDuSsMg0zv05Tc.otf]
[framerusercontent.com/sites/1jVm6SKTPYxdcaJiguXAwZ/chunk-K3E4RFKL.mjs]
[framerusercontent.com/sites/1jVm6SKTPYxdcaJiguXAwZ/apD_S6onkOuWB1PU7nh_seca2NlBaDMakaZyn_VCUhM.6DWOUWCS.mjs]
[framerusercontent.com/sites/1jVm6SKTPYxdcaJiguXAwZ/chunk-LUFSJPJH.mjs]
[framerusercontent.com/sites/1jVm6SKTPYxdcaJiguXAwZ/chunk-GR36Z6UO.mjs]
[framerusercontent.com/sites/1jVm6SKTPYxdcaJiguXAwZ/chunk-ATIRIPMZ.mjs]
[framerusercontent.com/sites/1jVm6SKTPYxdcaJiguXAwZ/chunk-WQHTK6SO.mjs]
[framerusercontent.com/images/43VWwI0Kg7DLhxgSyFnoZNFGW4.png]
[framerusercontent.com/images/4W5RyHNK01YCyvcxzvELzvJSbE.png]
[framerusercontent.com/images/844wvcGr2fRBmSS9E4HNSMZbo.png]
[framerusercontent.com/images/QcwXrhFuSSGYSrFm9Nx6LIHi0a3fc.png]
[framerusercontent.com/images/KH2ui0hT7oDYsuWFUtIpYL64IQUa3fc.png]
[framerusercontent.com/images/F93vD8B7nhwrQ5D7wyqoVwBPOg.png]
[framerusercontent.com/images/37BRYAPpNLPEziKIlpyjKgvlCEs.png]
[framerusercontent.com/images/xrrVygRh5t5A4jL0hMkJCqC1Hka3fc.png]
[framerusercontent.com/images/W14bbTPaZZEIbOnjQELmwvYo7w17f5.png]
[framerusercontent.com/images/H0QcdBA1Hn2oBgAPEuVwZdwpkY.png]
[framerusercontent.com/images/4hOKZrCvOwak9CpQoi4dHXCZx2sa3fc.png]
[framerusercontent.com/images/bh3J6R6QAGECl98npun0jyKLvU.jpg]
[framerusercontent.com/images/DEOC4vZOTPgRoykdlKC53uLOnMIa3fc.png]
[framerusercontent.com/images/utPs7uma12nv3TXksXzLGXZrk.jpg]
[framerusercontent.com/images/SFuHRDBMVyOvsJGMkS0FRFuvI.png]
[framerusercontent.com/images/4h6WmjIu3d3Z5id6KBo6ZZeydfI.jpg]
[framerusercontent.com/images/gZv5pTajbABHsO7649kFsFKPWk.jpg]
[framerusercontent.com/images/VCzO9KOB4AMm7Nmju619IHt7s.jpg]
[framerusercontent.com/sites/1jVm6SKTPYxdcaJiguXAwZ/BJho5C4HTsjQCuI68EOK0bpZgrqFZPgd3gFYeI04HNc.OHIHBKMQ.mjs]
[framerusercontent.com/sites/1jVm6SKTPYxdcaJiguXAwZ/chunk-K72JTZR4.mjs]
[framerusercontent.com/images/eGF2OaFMX7m0wZImj8ghskbWRka3fc.png]
[framerusercontent.com/images/3pwdOJ93M4KrUu2DcupuLMEHk9w.png]
[framerusercontent.com/images/1GK4kbhVwT6oKHP9nsZYWZ8ajzs.png]
[framerusercontent.com/images/ITXbTPZ6A1hRThEGMPMPkKnvWaE.png]
[framerusercontent.com/images/QE8PKlDS82sfLFKvAgL4uJIHUUo.png]
[framerusercontent.com/images/RcfBmLAW9uAq8Yd6UOeO6oVM1v8a3fc.png]
[framerusercontent.com/images/8oyLYCQxKGu85RKyAjhODG8hQa3fc.png]
[framerusercontent.com/images/lWII3UeP0UqdQYMCRI8R3c7U.png]
[framerusercontent.com/images/veJitJPdivxgouSBV9MpV9xsxk.png]
[framerusercontent.com/images/g711pEFLvguaUcMh0GviOz5S3yga3fc.png]
[framerusercontent.com/images/QvNxJbSBwzQjkoTUmID23U38Ia3fc.jpg]
[framerusercontent.com/images/H0RLedPMfJllfqmO8LizT71swa3fc.png]
[framerusercontent.com/images/7CFSgVnPrSi8vclQf5Ev9iWLwmk17f5.png]
[framerusercontent.com/images/1WgAOaqCFuFee8n0Ypqy2De6NYa3fc.png]
[framerusercontent.com/images/JMBR8Rlhl60iNmEhngXHllb1Z0.jpg]
[framerusercontent.com/images/qEipTxx5Q3KrO9K2OuDFQqGm2oa3fc.jpg]
[framerusercontent.com/images/8flr28ECV9if79LdHh4647qng.svg]
[dialects-trip-443726.framer.app/blog/pagaloop-x-index96.html]
[dialects-trip-443726.framer.app/blog/cradle-x-index96.html]
[framerusercontent.com/sites/1jVm6SKTPYxdcaJiguXAwZ/chunk-ELYU6EKT.mjs]
[framerusercontent.com/sites/1jVm6SKTPYxdcaJiguXAwZ/chunk-ADK56NJQ.mjs]
[framerusercontent.com/sites/1jVm6SKTPYxdcaJiguXAwZ/chunk-42U43NKG.mjs]
[dialects-trip-443726.framer.app/blog/beserva-x-index96.html]
[dialects-trip-443726.framer.app/blog/cradlecasestudy.html]
[96.design/blog/cradle-x-index96.html]
[96.design/blog/beserva-x-index96.html]
[96.design/blog/cradlecasestudy.html]
[96.design/blog/how-important-is-a-good-ux-for-your-defi-project.html]
[96.design/blog/index96-buys-a-part-of-simplr.html]
